00F800
015th
01Issues
0231st
02Diabetic
03Ohio
03World
042nd
04International
04WHO
0532nd
057th
05Annual
0610th
0615th
0623rd
062nd
063rd
068th
06Annual
06Axillary
06Color
06Essentials
06Gestational
06InterMed
06Issues
06Obstetric
06Prenatal
06Primary
06Reparative
06Society
06The
06Using
06Women
0712th
0719th
071st
0732nd
073rd
0746th
07AOCOG
07Controversies
07Focus
07International
07Issues
07Joint
07La
07OB
07Osteoporosis
07Royal
07Strategic
07Surgical
07The
07Tutorial
07Ultrasound
07World
0811th
08Abdominal
08Advances
08Carotid
08Color
08Combined
08Echocardiography
08Endovaginal
08Environmental
08International
08Issues
08Mental
08Neo
08New
08OB
08Peripheral
08Practicing
08Review
08Specialty
08Treatment
08V
08Western
08Women
0916th
0917th
0919th
091stInternational
0927th
092nd
0938th
095th
097th
098th
09American
09Annual
09Breastfeeding
09Clinical
09Controversies
09Health
09III
09Intensiv
09International
09Issues
09Laparoskopische
09MR
09Nordiska
09North
09Nutrition
09OB
09Pelvic
09Society
09Tutorial
09Ultrasound
09Updates
1000Toll
100A
100c
1010th
101st
102nd
103rd
104th
1056th
1057th
105th
107th
109th
10Advanced
10Advances
10American
10An
10Annual
10Basic
10Breastfeeding
10Chronic
10Clinical
10Comprehensive
10Contemporary
10Contraception
10Diplomates
10Echocardiography
10Endovaginal
10Estrogen
10Gynecological
10Gynecologie
10Hands
10Imaging
10International
10Issues
10Laparoscopy
10Practical
10Procedures
10Satellite
10th
10The
10Using
10Women
1148th
115th
1184th
11Abdominal
11Basic
11Combined
11Consultants
11Endovaginal
11Evaluation
11Interpreting
11Issues
11Leadership
11OB
11Pregnancy
11Royal
11Tutorial
11Workshop
122nd
123d
12Christmas
12Comprehensive
12Controversies
12Family
12Gynecologic
12International
12Issues
12Practical
13th
146d
146ll
146re
146s
146t
1545th
1569Medical
17th
1OOA
1st
2000Readiness
20th
213Query
21st
26B
28th
2CVR
2ICU
2nd
2North
313Please
32Monday
3M
3MIC
3rd
41Browser
482X
4ICU
4IMC
4th
540Albany
5E
5NE
5RR
5SW
5th
6NE
6Remote
6th
6WEST
7am
7pm
7V
800x600
8th
9E2
9pm
9TH
a
A
A1
A10
A13
A14
A17
A18
A183
A186
A188
A19
A190
A192
A199
A2
A22
A23
A24
A26
A28
A30
A32
A33
A34
A35
A36
A37
A4
A40
A41
A42
A44
A46
A47
A48
A49
A50
A51
A52
A53
A54
A57
A6
A60
A62
A64
A65
A66
A67
A68
A69
A72
A73
A74
A75
A76
A78
A8
A80
A81
A82
A83
A84
A85
A86
A87
A88
A90
A91
A94
aacute
AAP
AB
Abdel
Abdominal
Ability
Abnormal
abortifacient
Abortion
About
ABOUT
about0
about1
ABOVE
abra
abruption
Abruption
Absolutely
abt_ong
abugalho
Abuse
abusers
ac
Academic
Academics
Academy
Access
Accessibility
Accommodations
According
Accounting
Accounts
accreta
Accreta
Accruing
ACE
Acetate
Acharya
Achievements
acho
Acid
acidemia
acima
ACKNOWLEDGEMENTS
acoelho
ACOG
acog_hpg
acontece
Acoustic
Acronyms
Act
Action
ACTION
Active
Activities
Acu
Acute
Ad
adam
Adaptation
Adapted
Add
ADD
Added
Additional
Additionally
Address
Addy
Adenomatoid
Adhesions
Adjustment
Admin
Administration
Administrative
Admissions
Admit
Admitting
adnexal
Adnexal
Adolescent
Adrenomedullin
Adresses
Ads
Adult
Adults
Advanced
Advancement
Advances
adventuresome
adversas
Adverse
Advertisers
Advertorial
Advisor
Advisors
Advisory
Advocate
AECOM
Aegis
AEH
afasta
Affa
Affairs
Affiliated
afflilated
After
AG
Again
Age
Aging
agradecer
Agrave
Agustin
Aid
Aide
aides
Aids
AIDS
Air
AirLife
Airport
Airway
Aiyer
ajudou
Akhilesh
Akihiko
aknowledged
al
Alaa
alapi
ALBANY
AlbanyMed
Alberini
Album
Alcohol
Aldara
ALDS
Alert
Alessandro
Alesse
alicia
ALINK
Alive
All
ALL
Allahyar
Allergies
ALLERGISTS
Allergy
Alliance
ALLIANCE
Almeida
Alouf
ALS
Also
ALSO
Altered
Alternatives
Although
Altman
altruista
Alumni
Always
Alza
Alzheimer
amar
Amazing
Amazonas
Ambrose
Ambulance
Ambulatory
amc
AMC
AMI
Amino
aminorar
amizade
amniocentesis
amniotic
Amniotic
Among
Amoroso
amp
amparado
Amputations
AMWA
amylase
An
AN
ana
Ana
Anaesthetists
Analgesia
Analogues
Analysis
AnalysisSemen
AnalysisThis
Analyst
Analysts
analyte
Analyze
Ananth
Anatomic
Anatomical
Anatomy
Ancillary
And
AND
Anders
andrelat
Androgens
Andrology
ANDROLOGY
Anesthesia
ANESTHESIAChong
Anesthesiologists
ANESTHESIOLOGISTS
anesthesiology
Anesthesiology
Anesthetists
aneurysm
aneurysms
ang
Angiogenesis
Angiography
Angioplasties
angioplasty
animais
animarles
Anneli
Anniversary
Announcements
Annual
Anolik
anonimo
anos
Another
Ant
antenatal
Antenatal
Anti
Antibiotic
Antibodies
Antibody
anticancer
Anticoagulation
Antithyroid
Anxiety
Any
Anyone
Anyway
ao
aol
aolmos
Aono
aos
Aos
apc
apenas
Apheresis
apoptosis
apouta
Application
Applications
Applying
Appointment
Appointments
Appraisal
Approach
approbat
Approbato
Approximately
Aquatics
aquele
aqueles
aquello
aquellos
aqui
ar
aras
Archive
ARCHIVES
Arcola
ard
Are
Area
Areas
aren
Arias
Arlin
Arm
arma
Armand
ARMAND
Armson
Arno
ARNP
Arquivos
Arrival
Arsenio
Art
ART
arte
Artery
Arthritic
Arthritis
Article
Articles
Artino
Arts
artworks
As
AS
Asaf
Ascutney
ASCUTNEY
Asem
Asherman
ASKED
Aspects
assassinado
Assay
Assembly
Assess
Assessment
Assessments
assim
Assim
Assistance
Assistant
Assisted
ASSISTED
assistive
Associate
Associated
Associates
Association
Associations
Assump
Assure
Asthma
Astra
asymptomatic
At
atekay
Atenciosamente
atenolol
Atenolol
atente
atento
atilde
atitudes
atl
atrioventricular
atrium
att
Attendants
Attention
Attitudes
Attn
Audio
Audiograms
audiokinetic
Audiologist
Audiology
Audit
Auditory
August
Augustinus
auml
ausente
Author
AUTHOR
Authors
Auto
Autoantibodies
autoloading
Autologous
Autralasian
Auxiliaries
Auxiliary
Av
Available
Ave
Avenue
AvenueAlbany
Award
Awards
Axcan
Aydin
Ayerst
Aziz
b
B
Baby
Back
Backed
Background
BACKGROUND
Bacterial
bacteriuria
Baidoa
Bailit
Balistreri
Ball
Bally
Baman
Bank
Banner
Bansal
Barba
BARCELONA
Barell
Barentsen
Barre
Barrier
Barto
Based
Baskin
basta
Baughman
bbs
bcm
Be
Beasley
Beate
Beazoglou
Because
Become
Bed
Beechmam
Beem
beeper
Before
Beginning
Beginnings
Behavioral
Behr
Belinson
Belk
Bell
Belloni
Bellus
Below
bem
Benefit
Benefits
Benn
Bent
Bereaved
Beretta
Berks
Berkus
Berlex
Bernardin
Bernhardt
Berw
Best
BestHealth
Beth
Bethea
Bethel
Between
Beyond
Bias
Biennial
Billing
Bingener
bio
Bio
Bioanalysis
Biochem
Biochemical
Biochemistry
bioethics
Bioethics
Biology
Biolsi
Biomedical
Biopsy
Biotech
Birgitta
Birth
birthing
Birthing
Births
Bisaillon
Bissao
Black
Blacks
Bladder
blastocyst
Blastocyst
Bldg
Bleeding
Bless
Blood
Bloom
bluenet
Blumenau
Blvd
BLVD
BMTU
Board
Boards
Bochantin
Bod
Body
Boehringer
Bolis
Bolmann
Bolster
Bone
Bonica
Bonnar
Book
Books
Bookstore
Boolean
Booth
BORDER
Borders
Born
Bornstein
Both
Boulevard
Bourguignon
Bove
Bowel
Bowman
Box
Boyertown
Boyko
BP
BPH
br
Br
brachial
Brachial
Brachytherapies
brachytherapy
Brain
Bran
Brasil
Brateng
BRAZIL
braznet
Breakthrough
Breast
breastfeeding
Breather
Breathing
Bree
Brewaeys
brianhackman
Bridge
Bridgens
Brkovich
Broad
Brockington
Bronchoscopy
Brook
Brookside
Broome
Brosius
Brown
Browse
browser
Brubaker
Bruder
Bruns
Brzozowski
BS
BSc
Budget
Budgetary
Budgeting
Bugalho
Build
Building
Bureau
Buren
Burger
Burkhart
Burn
Burns
Burstein
Business
BUSINESS
busting
But
Butts
By
BY
Bypass
Byungse
c
C
ca
CA
Cadavers
Cafe
Cafeteria
Calata
Calendar
Call
Called
Calls
CAM
Cambridgeshire
Campo
Campos
Campus
Can
CAN
Cancer
Cande
Candido
Candidos
CAO
CAPABILITY
Capacity
capible
Capital
capitated
Capturei
Carcinoma
Card
Cardiac
Cardinal
cardio
Cardiographics
cardiologists
Cardiologists
Cardiology
Cardiothoracic
Cardiovascular
Care
CARE
Career
Careplex
CarePlex
cariari
Caring
Carlsson
Carnevali
Carol
Caros
carotid
Carpal
Carpenter
Carter
Casa
Case
CASE
Cases
Cast
CAT
Catalogue
Catalunya
Catarina
Caterina
Cath
Catherizations
catheterization
Catheterization
catheterizations
CATHOLIC
CBM
cc
ccedil
ccgateway
CD
CDH
CDT
Cedar
cedo
ceifou
Cell
Cellular
Cen
Cenestin
Cent
Cente
Centeon
Center
CENTER
Center43
CenterAlbany
CenterAll
CenterCenter
CenterDirector
CenterDischarge
Centered
CenterMinimally
CenterPastoral
CenterPatient
CenterPhysician
Centers
CenterTelephone
CenterThe
Centimeters
Central
CENTRAL
Centralized
centrifugation
Centro
Century
CENTURY
CEO
Cerebrovascular
Certain
Certamente
certeza
Certificates
Certification
Certifications
Certified
cervical
Cervical
Cesar
cesarean
Cesarean
Cessation
cfm
CFNP
CFO
cgi
CH
CHaD
Chadd
Chairman
Chandrakant
Change
Changes
changl
Chapel
Chapis
Chaplain
Chapter
Charges
Charitable
Charlene
charlene_alouf
Chart
Chat
CHAT
chats
Chauhan
ChB
Check
checkmark
Cheek
Chef
chemotherapy
Ches
Chest
Chestnut
Chi
Chibret
Chief
Chien
Child
Childbirth
Children
CHILDREN
Childrens
Chin
Chirurgie
Chiu
Choice
Cholchlear
cholesterol
Cholesterol
Chong
Choose
Choosing
Chouksey
Chronic
Chua
Chudacoff
Church
cia
Cianfrani
Cicek
Cie
Cigarette
cil
Cilag
ciles
Cinco
Circulations
Circumcision
circumcisions
Circumference
Circumstances
circunstancias
Circus
Citation
Citing
citizenry
City
Cl
Claims
Class
Classes
Clear
Clearance
Clerk
Clerkships
CLIA
Click
Climara
Clinic
Clinical
CLINICAL
Clinicians
Clinics
Close
Club
cm
CME
cname
CNM
cnmpat
CNMPAT
CNMs
co
Co
Coaching
coagulation
Coast
Coatesville
Coelho
Cohort
cohost
Coimbra
coisa
Coker
Cokkinides
Col
Cola
Colarusso
ColdFusion
Colebrook
colega
colegas
Colegas
Collaborative
Colleen
College
COLLEGE
CollegeThe
Collegeville
collegial
cologie
Color
Colorectal
Colposcopy
com
Combined
Combipatch
Comeback
Comerford
Comfort
COMFORT
Coming
Comment
Commentary
Comments
Commitment
Committee
Common
COMMONLY
Communication
Communications
COMMUNICATIONS
Communiqu
Communities
Community
como
Como
compa
CompaniesSmith
Company
Comparative
Compared
Comparison
compartido
Compensating
Compensation
Complementary
Complete
Complex
Compliance
Compliant
Complicated
Complications
Comply
Components
CompRehab
Comprehensive
COMPREHENSIVE
ComprehensiveHemophilia
comprender
CompuMed
compuserve
Computer
Computing
comum
comunicacao
comunidad
Conard
Concei
conceito
Concentrations
Concern
conclusoes
condi
Condition
Conditions
condol
condolence
condolences
Condolences
condolencia
condolencias
Conferance
Conference
Conferences
Confirm
confort
Congenital
Congr
Congreso
Congress
CONGRESS
congresso
Congresso
conhece
CONNECTICUT
Connell
conocemos
conocer
conoci
Consciousness
Consensus
Consortium
Const
Construction
construir
Consultants
Consulting
Consumer
Consumers
Contact
contactar
Contacts
Content
CONTENT
Contents
CONTENTS
Contest
Contingency
Continuing
Continuous
contra
Contraceptive
contractility
Contractility
Contracts
Contributions
contributo
Control
Controlled
Controller
Controversial
Controversies
Convenient
convenientComprehensive
Convention
convicci
convivncia
convvio
COOLEY
Cooperative
Coordination
Coordinator
Cope
Copel
Coping
Copyright
Coralnick
corao
Cord
Core
Corinne
Corliss
Cornea
corneal
Corneal
Corner
Coronary
Corp
Corporate
Corporation
Corticosteroid
corticosteroids
COSEHC
Cosmas
Cosmi
Cost
Cotton
Could
Council
Counsel
Counseling
Counselors
Count
Counter
Counties
Country
COUNTRY
County
Course
Courses
Court
Cover
Coy
CPNP
CPR
cr
Crains
Crane
Creamery
creatinine
Creatinine
Creative
credentialing
Credit
creia
Crest
creyendo
Cringle
Crinone
Crisis
Cristina
Cristo
Critical
Cross
crossmatching
crossroads
cryopreservation
Cryopreservation
cryosurgical
CST
CT
ctomas
Ctr
CTR
cu
Cu
Culture
Cultures
CultureUnder
Cundiff
Cunha
Cup
curavam
Current
curricula
curta
customDateString
Customer
Cutaneous
Cutoff
Cutting
CV
CVA
CVMC
CVPHO
CVPPC
CVs
CXXV
cyber
Cyber
cystic
Cystic
cystourethroscopy
Cystourethroscopy
cytomegalovirus
Cytomegalovirus
Cytyc
D
da
dadosnet
Dahdah
Damus
dando
Danielle
Danielsen
dar
Daria
Darien
Darling
Darney
Darryl
Database
Date
DATE
DATES
Davidheiser
Davila
Day
Dayal
Daylight
Days
dbm
dbml
dc
DDAVP
DDS
DDSAdam
de
Dean
Dear
debe
debut
Decrease
Decreased
Dedicated
Deerfield
Defects
Defibrillator
Deficit
Definitions
DeGroot
deixo
deixou
del
Delay
dele
DelGrosso
Delivery
Delp
demais
Demco
dementia
demographics
DeNicco
Dennerstein
Density
Dental
Dentistry
Dep
deparei
Department
DEPARTMENT
Departments
Depression
depressive
Dept
Depto
depts0
depts1
DEQ
der
Derby
Derita
Dermatologists
Dermatology
Dermatopathology
Desaturation
Description
Desde
desenlace
Design
Designated
desinteresado
desinteressadamente
Desired
Desk
desolacion
Despite
desprovido
desta
Detail
Details
Detection
Determine
Detrol
deu
Deuchar
Deus
Develop
Development
Developmental
DevicesBio
DevicesMeasures
Devoe
DHART
DHMC
Di
Diabetes
Diabetic
Diagnose
Diagnosis
diagnosisand
Diagnostic
Diagnostics
Dialysis
dias
dica
DICKINSON
dico
dicos
didn
Diem
Dietary
dif
Differences
Different
Diflucan
diga
Digestive
dignam
dignificante
digno
DiGregorio
Dilemmas
Diligent
dilligence
DiMarzio
Dimensions
diminshes
Dinis
dio
Dios
DiPillo
Dir
Direct
Directions
Director
DIRECTORIES
Directors
Directory
Discharge
disciplina
Disclaimer
Disclosure
Disclosures
Discussion
discussoes
Disease
Diseases
Disorders
Display
Disposal
Dissection
distancia
distante
Distrital
DiTizio
Ditropan
Div
Divers
diversas
Divi
Division
Divisions
Divison
dixar
DNS
Do
DO
Doak
docdetail
doClock
Doctor
DOCTOR
Doctoral
Doctors
Documents
Dodds
Dodecanese
Does
Doghramji
Dohme
Doksum
dolor
Dominik
Dominy
Don
Donadello
Donation
Donations
Done
Donnez
Donor
DONOR
donors
Dorminy
dos
Dose
Doses
Dosing
DOT
dotado
Dott
Doughtie
Douglassville
Down
Downes
Downingtown
DPM
Dr
DR
Dra
Draper
Drawing
Drawn
Drew
Drive
Driven
Drohosky
Drug
Due
Duke
dumbfounded
Dummy
Dunfee
Duphar
Duplex
dural
Duramed
duramente
durante
Duration
During
Durwood
Dwarakanath
DWI
dydrogesterone
dystocia
e
E
Each
eacute
Ear
Earl
Early
Ears
East
EAST
Easterling
Easy
easynet
EC135
Echo
echocardiography
Echocardiography
echogenic
Echogenic
ecirc
Ecker
eclampsia
ECMO
ectopic
Ectopic
Edinburg
Edition
Editor
Editorial
EDITORIAL
Editorials
EDITORIALS
Editors
Edmundo
edu
Educating
Education
EDUCATION
Educational
Educators
eduView
EEG
Effe
Effectiven
Effectiveness
Effects
Efficacy
Effort
EFFORTS
eg
Ehlert
Eija
Ejaculate
Ejaculatory
Ekerhovd
EKG
el
El
ela
Elbendary
Elder
Elderly
Eldor
ele
Elecomm
Electives
Electricians
electrocardiograms
Electronic
Electrophysiology
Elevated
Eliseo
elsevier
email
Email
EMAIL
Emanuela
embarga
embolism
Embolism
Embolization
Embryo
Embryologist
Embryologists
Embryology
EmbryosThe
Emergency
EMERGENCY
Emission
Emmons
Employee
Employees
Employer
Employment
Employmentopportunities
EMS
endarterectomy
endash
endocrine
endocrinologist
Endocrinologists
endocrinology
Endocrinology
endometrial
Endometrial
endometriosis
Endometriosis
ENDOMETRIOSIS
endometrium
endoscopic
Endoscopic
Endoscopy
EndoscopyAnspach
endothelial
Endothelial
EndoTIP
enfermedad
Engineer
Engineering
english
Enhancements
Enlarged
enluta
enorme
Enough
enourmous
Ensuring
ENT
Enter
Enteral
entero
entre
Envio
Environmental
Enzyme
epidemia
Epidemio
epididymal
epidural
Epidural
epidurals
epilepsy
Epilepsy
episdio
episiotomy
Equipment
ER
Ercole
Ergonomic
ergonomics
Erica
Erling
Ermelando
ero
eroof
erradicada
Error
Erythematosus
erythropoietin
Erythropoietin
es
Es
esa
Esculpio
Eshagh
Eshaghpour
ESHRE
eso
esoterica
espa
Especialidade
Especially
especialmente
espero
esposa
essa
esse
esses
est
esta
Esta
Establish
Este
esthetic
Estive
estos
estradiol
Estradiol
Estratest
estrogen
Estrogen
Estrone
Estrostep
Estudiantes
Etan
etc
Etch
Eternal
eternamente
Ethicon
etiological
Ettinger
Ettore
eu
Eurpean
Evaluation
Evaluations
Even
Evening
Evenings
Event
Events
eventualmente
Every
Examinations
Examples
Exams
excelente
Excellence
Exchange
exe
Executive
exemplo
Exercise
Exerpta
Exhibition
Exhiition
existe
Exit
Experience
Experimental
Expert
Expired
Explained
expresar
Express
expressar
Expressway
ext
Extension
extensivo
External
Externo
Exton
extremeties
Eye
Eyes
Eylard
f
F
faber
Fabio
FACE
Facilitating
Facilitation
Facilities
Facility
FacilityMeasures
Facing
FACOG
FACP
FACS
Factor
Factors
Facts
Faculty
Fahmy
Failure
Fairlane
Fall
fam
famcare_logo
familia
Familia
familiares
Families
Family
FAMILY
Fang
Fanning
Far
Farag
Faria
Farine
Farouk
Fast
fax
Fax
FAX
fc
Fearon
Feature
Featured
FEATURED
Features
Febrile
Federation
Fee
Feedback
Feinberg
Feiner
Feira
felicidade
Fellow
Fellows
Fellowship
Fellowships
Femal
Female
Fetal
fetoplacental
Fetoplacental
fetoprotein
fetuses
Fetuses
Feuling
Few
fez
fgm
FGM
fi
fibroids
fibronectin
Fibronectin
fibrosis
Fibrosis
Field
fields
Fifteen
Fighting
FIGO
Fikry
filho
Fill
FIN
Finance
Financial
Find
Finding
Findings
FINLAND
Finnerty
Fiquei
firefighter
First
FirstHand
Fisher
Fitness
Fixed
Fl
Flavia
Fleischer
Flexible
Flight
Floor
Flow
Fluid
Fluoroscopically
Fluoroscopy
FM
FNP
Fo
foi
Follow
Following
Fon
Fong
Food
Foods
For
FOR
foram
Ford
Forest
Forever
Forge
Formal
Forman
Formats
Forsyth
forth
fortuna
Forty
Forum
FORUMS
Forward
Foster
foto
Foundation
Founded
Founders
Four
fr
fractionated
Fragment
Franchi
Franjo
Frank
Franklin
Fraternalmente
Frauenklinik
Freda
Fredric
Free
Freehafer
Freeman
Fresh
Friend
Friends
Frigoletto
Frits
From
FROM
Fromer
fromero
Front
fronteiras
Frontier
Frontiere
Frontieres
Frosst
FT
FTE
fthibaul
Fujita
Fukui
fulfil
Full
Fully
Fun
Function
Functional
Fund
Funda
Funded
furb
Further
Furthermore
Future
g
G
G3
Ga
GA
Gaal
Gaffney
Gaiser
Gallery
Gamete
Ganesh
Garabet
Garamszegi
garanhuns
Garanhuns
Garden
Gasic
Gastric
Gastroenterological
gastroenterologist
Gastroenterologists
Gastroenterology
Gastrointestinal
GCRC
GE
Geffery
Geissen
Geller
Gender
General
Generalist
Genetic
Genetics
genital
Genital
genitourinary
geocities
Georgiopoulos
Geral
Gercel
Geriatric
geriatricians
geriatrics
Gerlo
gerontology
gestation
Gestation
gestational
Gestational
gestationis
gestations
Get
getDate
getMonth
Gets
Getting
getYear
Ghezzi
Giamo
gica
gif
GIF
GIFFORD
Gift
Gilbert
Gilbertsville
Gilgore
Gillian
Gilson
Ginecolog
Ginecologia
ginecologista
Ginecologista
Ginecologos
gio
Giuffrida
Giuliani
Give
giveaways
Given
Gives
Glance
Glasser
Glatton
Glaxo
Glessner
Global
Glossary
glucose
GmbH
GMC
GMT
GnRH
Go
Goals
God
Godfried
Goiania
Gold
Golden
golpee
Gomco
Good
Goodbye
Goubau
Goulet
gov
Governance
Government
Governments
Gowen
Gown
Goyal
Graduate
Graduation
Graham
gran
Granados
Grand
Grants
granulosa
Graphics
Grasslands
gravidas
Gravidas
Gray
Great
Greater
Green
Greetings
Grief
Grizos
Gross
groundbreaking
Groundbreaking
Grounds
Group
Groups
Growing
Growth
grupo
gt
Guang
Guedeney
Guess
Guest
Guidance
Guide
Guided
Guidelines
Guidesite
guideus
Guimar
Guimaraes
Guinea
Guiot
Gulbis
Gurewitsch
guta
Gutsche
Guzman
Gyecology
gyn
Gyn
GYN
Gynaecologic
Gynaecological
Gynaecologists
Gynaecology
GYNDOCS
Gyne
Gynecare
Gynecolgy
gynecologic
Gynecologic
Gynecologica
gynecological
Gynecological
gynecologist
Gynecologist
gynecologists
Gynecologists
gynecology
Gynecology
GYNECOLOGY
GYNs
H
haber
habernos
Habit
hacer
Hackman
Had
hadn
Haffner
Hagymasy
Hale
Half
Hall
Hammer
HAMMER
Hand
Handbook
handcrafts
Handheld
Hands
Hanes
Hank
Hanker
Hannele
hapens
Hardening
Hardly
Hardware
Harinder
Harmful
Harming
harmonia
Harries
Harrigill
Harry
Hart
Hartland
Hartmann
Has
Hatching
Haug
Have
Having
haya
Hazards
Hazzard
HC
hCG
He
Head
Headache
Headlines
Headquarter
Headquartered
Headquarters
headwaters
Health
healthcare
Healthcare
healthfinder
HealthONE
Healthy
HEAR
Hearing
Heart
HeartLine
Hecht
Hediger
Heffron
Height
HEIGHT
Heights
Heim
helicopters
Hellas
Heller
Hellhammer
Hello
Helm
Help
HELP
Helping
Hem
hemangioma
Hematologist
hematologists
Hematology
Hemminki
Hemodialysis
hemophilia
Hemophilia
hemos
Hennard
Henry
Henwood
hepatic
Hepatitis
Here
Heritage
Hermine
Herpes
Herzog
heterosexism
Hi
Hickory
hidden
Higgins
high
High
HIGH
higher
highest
highlights
highly
highway
Highway
hill
Hill
Hillis
Hills
him
himself
hinder
hindered
Hindle
Hines
HINES
hip
Hiroshi
his
His
Hisham
Hispanic
Hispanoamerican
histologic
Historic
history
History
hit
Hitchcock
HITCHCOCK
HIV
hmarchbein
HMO
HMOs
Ho
Hodnett
Hoechst
Hof
Hoffman
hoje
holder
Holding
hole
Holiday
HOLIDAYSCongregation
holistic
Holland
Holroyde
Holsten
Holter
Holzman
hombre
home
Home
HomeHealth
homem
Homemaker
homemakers
homens
homepage
Homepage
HomePage
Homepages
homes
homocysteine
Homocysteine
Hon
Hong
Honneur
honor
honorable
hope
Hope
HOPE
hopefully
Hopefully
Hopewell
Hopkins
Horan
Horbach
horizon
Horizon
horizontal
hormonal
hormone
Hormone
hormones
Horne
Horner
horrible
horticultural
horus
Hos
Hospi
hospice
hospital
Hospital
HOSPITAL
hospitalization
hospitalized
hospitals
Hospitals
Hosptial
host
Host
hosted
hostile
hosting
Hosting
hosts
Hosts
Hot
Hotel
Hotfinds
Hotline
hotmail
HotSprings
hour
Hour
hours
Hours
HOURS
house
House
housed
housekeeping
Housekeeping
houses
Housestaff
housing
Houston
Hovick
Hovsepian
how
How
Howard
however
However
HR
Hrs
Hsieh
HSJD
Hsu
htm
html
HTML
http
hub
Hubinont
Hudson
Hudspeth
huge
Hughes
Hugues
human
Human
humanidad
humanidade
humanista
humanistic
humanitarian
Humanitarian
humanitarians
Humanities
humanity
humano
hundreds
Hung
husband
Huster
Hutchinson
HVAC
Hwy
hyaluronic
Hyaluronic
Hyperbaric
Hyperdynamic
Hyperplasia
hypertension
Hypertension
Hypertensive
hyperthermia
hypoplastic
Hypoplastic
hypotheses
hypothesis
Hypoxia
Hysterectomies
hysterectomy
Hysterectomy
Hysteroscopic
hysteroscopist
hysteroscopy
Hysteroscopy
I
iacute
IBIS
IBM
IC
ichi
ICN
icons
ICSI
ICU
ideal
idealism
idealistic
ideals
ideas
identical
identification
Identification
identified
identifiers
identifies
identify
iexcl
Iezzi
if
If
Igreja
II
III
Ikenoue
ill
Illinois
illness
illnesses
ilusi
image
Image
Imagery
images
Images
images99
Imaginative
imagine
imaging
Imaging
ImagingServices
IMIIT
immediate
Immediate
immediately
immensely
Immunobead
immunologically
immunology
Immunology
Immunoreactivity
impact
impacted
impaired
impairment
impairments
impart
impediments
imperative
Imperatives
implant
Implant
Implantation
implants
implement
implementation
implications
Implications
imply
important
Important
impossible
impotencia
impressive
imprisons
improve
Improve
improved
improvement
improving
in
In
IN
inaccurate
Inc
INC
incidence
Incidence
incision
include
included
Included
includes
Includes
including
income
incomplete
incontinence
Incontinence
incorporate
incorporates
increase
increased
Increased
increases
increasing
Incrediball
incurable
indeed
Indeed
independence
independent
Independent
independently
index
Index
INDEX
Indexed
Indexes
indexOf
indicate
indicated
indicates
indications
indicators
indices
Indirect
indispensavel
individual
Individual
individualized
Individualized
individually
individuals
Indman
indoor
induced
Induced
Inducting
Induction
Industrial
industry
Industry
Inez
infant
Infant
infants
Infants
infection
Infection
infections
Infections
infectious
Infectious
Inferior
infertile
infertility
Infertility
inflated
influence
Influence
influences
Influencing
info
Info
inform
informado
Informati
informatics
Informatics
Informatio
information
Information
INFORMATION
informational
Informational
InformationError
Informationfor
informative
Informative
informed
infrastructure
infringement
infuse
infusion
Ingardia
Ingelheim
ingenious
Ingrid
inhibit
initial
initiated
initiatives
inject
injection
Injection
injections
injured
injuries
Injuries
injury
Injury
injusto
inmind
Inn
inner
innovation
innovative
inoperable
inpatient
Inpatient
inpatients
Inpatients
input
Inquiries
insemination
insert
inserted
inside
insignificantes
inspiring
instead
Institu
Institut
Institute
Institutes
institution
Institution
institutional
institutions
Institutions
instruction
instructions
instrumental
instrumentation
Instrumentation
instruments
Instruments
insulin
Insulin
insurance
Insurance
integral
integrated
Integrated
integrates
integrity
intellectual
intended
intensive
Intensive
Intensivists
inter
interact
interaction
interactive
Interactive
INTERACTIVE
Interceed
interdisciplinary
Interdisciplinary
interest
interested
interesting
Interesting
interests
Interests
interface
interfere
Interhospital
interior
intermediaries
Intermediate
internal
Internal
international
International
INTERNATIONAL
internationally
interncional
internet
Internet
Internists
internship
interpret
interpretation
interropeu
interruption
intersection
Interstate
Interstitial
InterstitialOne
interupted
intervention
Intervention
interventional
Interventional
interventions
interview
interviews
intimidating
into
Into
intra
Intra
intracranial
Intracranial
Intracytoplasmic
Intranet
intraoperative
Intrapartum
intrauterine
Intravaginal
intravenous
intrinsically
introduce
introduction
Introduction
Introductory
intubation
invasive
Invasive
inventoried
inventors
inventory
inverse
Inversely
investigation
Investigation
investigations
Investigative
Investigators
investment
invite
invited
involve
involved
Involved
involvement
involves
involving
inx
Iorio
ipe
iquest
ir
Iraq
Irish
irradiation
irregularity
irreparvel
Irv
Irvan
irvin
Irwin
is
Is
ISGE
ISIS
Island
isn
isnMonths
isoimmunization
Isoimmunization
isolettes
ISPOG
Israeli
ISSN
Issue
ISSUE
issued
issues
Issues
issuing
it
It
IT
it464
it96
it97
Italia
Italy
itches
items
its
Its
itself
Itskovitz
IUI
IV
IVF
ivic
ivone
Ivone
IX
J
Jaboticabal
Jacob
Jacquette
Jacy
Jain
Jakabovics
James
Jamine
Jan
Jane
Janice
Janssen
January
Japan
Jauniaux
jaw
Jay
Jazayeri
jbruns
JC
Jean
Jeff
Jefferson
Jeffrey
Jeih
Jenn
Jennifer
Jerome
Jersey
Jesuit
Jill
Jim
Joan
Joanne
Joaquim
job
Job
jobs
Jobs
Joe
Joel
Joel_Kompanietz
John
Johns
Johnsbury
Johnson
join
joint
Joint
jointly
Jonathan
Jones
Jordan
Jorge
Jornada
Jose
Josef
Joseph
Joshua
Jou
Jouppila
journal
Journal
JournalClub
journals
Journals
journey
joy
Joy
Joyce
jpg
Jr
Juan
judged
Judi
juizo
julgar
julgaram
Julia
Julie
Julio
July
Jump
Jun
junction
Junction
June
Jung
junto
just
Just
justice
Justin
Juvenile
K
Kaaja
Kaminski
Kammerer
Kandil
Kane
Kanouse
Kaplan
Karen
Karl
Karla
Karpas
Karram
Kate
Katherine
Kathleen
Katz
Kaufmann
Kazuhisa
Keene
keep
Keep
keeping
Keeping
keeps
Kees
Keith
Kell
Kelley
Kelly
Kenemans
Kennedy
Kenneth
Kenney
Kenya
kept
Kerry
Kerwood
Kettering
Kevin
key
KEY
keyboard
Keys
Khalid
Khan
Khardori
Khartoum
Khine
kidney
Kidney
kidneys
Kidoguchi
kids
Kids
Kidshealth
kill
killed
Killeen
killing
Killing
Kim
kimle
Kin
kind
kindergarten
kindly
kindness
kinds
King
Kingdom
Kirkland
Kitamura
kitchen
Klebanoff
Klebba
Kleerekoper
Klein
Klombers
knew
Knife
knifeless
Knifeless
knmg
Knoll
know
Know
knowing
knowledge
Knowledge
Knowledgefinder
known
Knoxville
Kobayashi
Koepsell
Koji
kologischen
Kompanietz
Kondo
Kongress
Korea
Kosovo
Kosunen
Kovalski
KPMG
Krantzler
Kraus
Kristi
Kromash
Kruger
Kuczmierczyk
Kuczynski
Kuhn
Kuller
Kulp
Kump
Kuo
Kurtzman
Kuser
Kwon
Kyong
L
la
lab
Lab
LAB
Labeling
labor
Labor
Laboratories
laboratory
Laboratory
LABORATORY
labors
laceration
Laceration
lacks
Lactation
LaGrange
Laivuori
Lake
Lakemoore
Lakshmanan
Lamar
Lambo
lamentable
laminaria
Laminaria
Lammes
Lancaster
Lance
lane
Lane
lanes
Lange
Langer
language
Lankenau
Lansdale
Laparoscopic
laparoscopy
Laparoscopy
lapidus
Lapidus
laptop
large
larger
largest
Largo
Larissa
Larry
Larson
las
Laser
lasers
Lasse
last
Last
late
Late
latent
Latent
later
latest
Latest
latina
Latina
Latinos
Latulippe
laughter
Launches
laundry
Laura
Lauren
Laurette
Lavan
law
Law
Lawrence
laws
lawyering
LDR
lead
Lead
leader
leadership
Leadership
leading
Leading
League
Leah
learn
learned
learning
lease
least
Leathers
leave
leaving
Lebanon
Leche
lecture
Lecture
lectures
Lectures
Lederle
Lederman
Lee
Leech
left
Left
leg
legal
Legal
Legion
legs
Lehigh
Leiden
leido
Leinberry
Leinweber
leisure
lejos
lending
length
Length
Lentz
Leo
Lerner
les
Lesa
lesbian
Lesbians
lesions
Leslie
less
Less
lessened
let
Letizia
letter
Letter
letters
Letters
letting
leukemia
level
Level
levels
Levels
Leveno
Levitin
Levlite
Lewis
LexiTrack
lia
liability
Liability
liable
liaison
Liberace
liberdade
liberty
Libraries
library
Library
licensed
Licensed
Liceu
lidocaine
Lidocaine
life
Life
LIFE
Lifemark
lifesaving
lifestyle
Lifestyle
lifestyles
LifeSupport
lifetime
Lift
Lifting
light
Lignelli
like
Like
likely
Lilly
Lima
Limerick
limit
limitations
Limitations
limited
limitless
Lincoln
Linda
line
Line
Ling
Linga
lining
link
Link
linkage
linkages
linked
links
Links
Lion
lipid
Lipid
lipomata
lipoprotein
Lipoprotein
Lipscomb
Lisa
Liselotte
Liss
list
List
LIST
lista
listed
listening
Listening
listers
listing
Listing
LISTINGS
Liston
lists
literature
Literature
Lithotripsy
little
Littleton
Litts
live
LIVE
lived
Lively
liver
Liver
lives
living
Living
livres
ll
llegado
LLETZ
lo
Lo
load
Load
lobby
Lobby
Lobel
local
Local
locat0
located
Located
location
Location
locations
Locations
Locke
locked
lockwc01
Lockwood
Locust
Loestrin
logging
logistic
Logistic
Logistics
logo
logos
London
long
Long
longer
Longevity
Longino
Longo
look
Look
looked
looking
Looking
Loomis
loose
Lorraine
los
lose
loss
Loss
lost
lot
lots
Lou
loud
loudly
Louis
Louise
Louise_JACQUEMIN
louvvel
love
loved
loving
low
Low
Lowell
lower
lowering
Lowes
lowest
Loyd
Loyola
Loyolans
Ltd
Lu
Luby
luc
Luc
LUC
Luciano
lucky
Lucky
Lucy
Lugadjole
luhs
LUHS
lumbar
lumc
LUMC
lumen
LUMEN
lunch
Lundbeck
Lunelle
lung
Lung
lungs
Luong
Lupas
Lupron
Lupus
Lusky
lutemos
Luttman
Lyme
lymph
Lymph
lymphadenectomy
Lymphadenectomy
lymphoma
Lyndonville
Lynn
lyrics
m
M
MA
mac
Mac
machine
MacIsaac
MacKenzie
Macpherson
Macrosomia
made
Maeda
Magann
magazine
Magazine
magazines
Magazines
Magdy
magical
Magness
magnetic
Magnetic
Magnusson
MaGuire
Maheep
Maheux
MAHHC
Mahmood
Mai
mail
Mail
MailCode
mailing
Mailing
main
Main
Maine
Mainframe
maintain
maintained
Maintained
maintaining
maintains
maintenance
Maio
MAIOR
mais
major
majority
make
Make
makes
making
Making
mala
Malaysia
male
Malformation
malformed
Malignancies
mall
Mall
Malloy
MallWalkers
Mammagrapher
mammograms
Mammograms
mammography
Mammography
man
manage
Manage
managed
Managed
Managem
Managemen
management
Management
MANAGEMENT
manager
Manager
managers
Managers
manages
Managing
Manahan
Manaus
Manceau
mandatory
Mandel
Mandell
mandic
maneira
manejar
Mangan
Manhattan
manifested
Manju
mankind
manner
manufacturers
many
Many
Manzo
maos
map
Map
maps
Maputo
Marcelina
March
March17
Marchbanks
Marchbein
Marco
marcoablima
Margaret
Marinoni
Mario
Marion
marital
Mark
marked
Marker
markers
Markers
Market
marketing
Marketing
markets
Maron
Marques
MARQUES
Marquese
Marquez
marrow
Marrow
Marsh
Marta
Martin
Martinez
Martins
Marvin
Mary
MARY
mas
Mas
Mason
mass
Mass
Massachusetts
massacre
massage
Massage
MASSCongregation
masses
Masses
Massimo
massmed
masters
Masters
matam
matched
Matched
matches
material
materials
Materials
maternal
Maternal
Maternidade
maternity
Maternity
Materno
matrix
Mats
matter
Matthew
Mature
Maureen
Mauro
Mawr
Max
Maxillofacial
maximized
maximizing
maximum
Maximum
may
May
maybe
Maydonovitch
Mayo
Maywood
MB
MBA
mborn
Mc
MC
McCusker
McDonald
McFarland
McFee
McGann
McGonigal
McGregor
McIntire
McKenna
McLennan
mcrcr
McShea
mcw
MD
me
Me
Mea
Mead
meal
Mean
meaningful
means
meant
measured
measurement
Measurement
measurements
measures
measuring
med
Med
Medcial
Medecins
Medi
media
Media
media0
Medial
Mediated
Medica
Medicaid
medical
Medical
MEDICAL
medically
Medicare
medication
medications
Medications
medicina
Medicina
medicine
Medicine
MEDICINE
medicines
MedicineThe
medico
medicos
Medicus
Medihealth
medium
medivac
Medline
medroxyprogesterone
Medroxyprogesterone
meet
Meet
meeting
Meeting
meetings
Meetings
meets
meio
Melanie
Melbourne
Melinda
Melissa
mellitus
Mellitus
member
Member
members
Members
membership
Membership
membranes
Membranes
memorable
Memorial
MEMORIAL
memorium
memory
men
Mendez
Menkowitz
Menopausal
menopause
Menopause
menor
menos
mensagens
menstrual
mental
Mental
mention
mentioned
menu
Menu
menubar
mercaptopurine
Mercaptopurine
Merck
Mercy
merecen
merger
Mergui
Meritt
Merkatz
Merrill
mesa
mesmo
message
Message
MESSAGE
messages
Messick
met
meta
Meta
metabolism
Metabolism
metabolites
metal
meter
methods
Methods
methotrexate
Methotrexate
metro
Metrogel
Mettler
Metz
meu
meus
Meus
Mewhinney
Mexican
Mgmt
MHMH
mi
MI
Michael
Michaelson
Michele
Michelle
Michiel
Mickey
Mickle
micro
microbiology
Microbiology
micromanipulation
Microsoft
mid
midline
Midwife
midwifery
Midwifery
midwives
Midwives
might
Migliora
Milad
mild
mile
miles
Miles
milestone
Military
militia
Mill
Millard
Millenium
millennium
Millennium
Miller
million
Million
millions
Milwaukee
mind
minded
mindspring
mine
Ming
minha
minhas
Minhas
mini
Miniguard
minimal
Minimal
minimally
Minimally
minimize
minimum
Ministry
minority
minutes
Minutes
mis
Misc
miscarriage
MISCTE
MISCTEinfo
miserable
misery
Mishell
misoprostol
Misoprostol
miss
missed
missing
mission
Mission
missions
misunderstand
Mitchell
mithlond
Mittman
mixed
Mixed
Miyagawa
mks
mm
mobile
Mobile
mobility
modalities
Mode
model
Model
models
Models
moderate
Moderator
modern
Modern
modesty
modifications
modified
Modugno
Modulators
Module
Mohamed
molecular
Molecular
Moller
moment
momento
momentos
moments
Monadnock
monday
Monday
mondial
money
Monga
Monique
Monistat
monitor
monitoring
Monitoring
monolayer
monolayers
monoxide
Mont
Montefiore
Monteiro
Montes
Montgomery
month
Month
monthly
Monthly
months
Montpelier
Morais
Moran
morbidity
Morbidity
more
More
Moreno
Morgan
Morgantown
morning
morphology
Morris
Morse
mortality
Mortality
morte
morto
Morton
Moshe
most
Most
mostly
mother
mothers
motile
motility
motion
motivation
motorcycle
Mount
MOUNT
mountain
Mountain
Mountaintop
Moussa
mouth
move
moved
movement
movements
moves
moving
Moving
Mozambique
mph
MPH
Mr
MRA
MRCOG
MRI
Ms
MS
msf
MSF
Mt
much
mucho
mucosae
muerte
Muggah
muito
multi
Multi
Multicenter
multidisciplinary
Multidisciplinary
Multifetal
Multimedia
multiple
Multiple
Multiply
multivariable
mundo
Mundt
murder
murdered
Muscarella
muscle
Musculoskeletal
Museum
music
musical
must
Mutch
Mutilation
muy
my
My
myeloma
Myer
Myers
myomas
Myomectomy
myometrial
Myometrial
myself
myweb
mz
n
N
na
Nabisco
NACHRI
Nacional
nada
Naegle
Nagaraja
nails
Nainesh
Nairobi
Nakagawa
name
Name
named
names
Nan
Nancy
Nand
narrow
Narrower
nascencia
Nathaniel
nation
national
National
Nationally
nationwide
Nationwide
natural
Natural
naturally
nature
navigate
Navigating
Navigator
Nazionale
nbsp
NC
NCBH
NCH
ncias
NDMDI
ne
NE
Neal
near
Near
nearly
Necas
necesitados
necessarily
necessary
neck
Neck
need
needed
needing
needs
Needs
negative
Neilson
neither
Neither
Nemechek
NeoControl
neonatal
Neonatal
Neonates
Neonatologist
Neonatologists
neonatology
Neonatology
Neotonus
Nephew
Nephrologists
nephrology
Nephrology
Neprhology
nerve
nerves
Nesbitt
nesta
neste
net
Net
NET
Netherlands
Netscape
netters
network
Network
Networks
Netwriters
Neur
Neurobiological
Neurobiology
neurocirurgiao
Neuroendocrine
Neuroimaging
neurologic
Neurologic
neurological
Neurological
neurologists
Neurologists
neurology
Neurology
Neuromuscular
Neuropathy
Neurophysiology
neuropsychiatry
neuroradiology
Neuroradiology
Neurosci
Neuroscien
Neuroscience
Neurosciences
neurosonology
Neurosugeon
neurosurgeons
Neurosurgeries
neurosurgery
Neurosurgery
Neurosurgical
never
nevertheless
Nevertheless
new
New
newborn
Newborn
newborns
newest
Newletter
newly
Newman
Newport
news
News
NEWS
newserver
newsgroup
newsletter
newsletters
Newspages
newspaper
Newton
NewWindow
newyork
next
Next
NH
NHLBI
nica
nice
Nicholas
Nicolaides
Nicole
Nicoletta
Nicolette
NIDA
night
Night
nights
Nights
NIH
Nikcevic
Nina
nine
Nine
nio
nitric
Nitric
nitrofurantoin
nitrogen
Nitrogen
nl
nnstr
no
No
No171
No172
noble
nobler
nobly
Nobuo
node
Node
noisy
Nolan
non
Non
NON
nondiabetic
none
noninvasive
nonoxynol
nonprofit
Noon
nor
normal
Norman
normotensive
norms
Norris
Norristown
Norstr
north
North
NORTH
Northampton
Northeast
northeastern
northern
Northern
Northumberland
northwest
Norwalk
Norway
nos
nose
Nose
nosotros
nossas
nosso
nossos
not
Not
NOT
notch
note
notice
Notice
Notices
noticia
Nova
Novaes
November
now
Now
nta
ntilde
nuclear
Nuclear
nuestro
nuevamente
null
nulliparity
Nulliparous
number
Number
numbers
Numbers
NuMedia
numerous
Nunag
nurse
Nurse
NURSE
nurseries
nursery
Nursery
nurses
Nurses
nursing
Nursing
NURSING
nutrition
Nutrition
nutritional
Nutritional
Nutritionals
nvog
NVOG
NY
Nycomed
NYS
nyu
NYU
NYUMC
o
O
oacute
Oakbrook
Oaklands
Oaks
ob
Ob
OB
obdoc
Obese
obesity
Obesity
OBGIN
obgyn
Obgyn
ObGyn
OBGYN
obituary
objective
Objective
OBJECTIVE
objectively
Obrigado
obrigaes
obs
Obs
obscurity
observando
observation
Observational
observations
Obst
OBSTET
Obstetr
obstetra
Obstetra
obstetric
Obstetric
obstetrical
Obstetrical
Obstetricia
obstetrician
Obstetrician
obstetricians
Obstetricians
obstetrics
Obstetrics
OBSTETRICS
obtain
Obtain
obtained
OBTMC
occasion
occlusion
occupational
Occupational
occupies
occur
occurred
Occurred
occurs
Oceania
ocirc
Octavio
October
Oded
odio
Oestrogen
of
Of
OF
off
offenders
offer
Offer
offered
offering
Offering
offers
Offers
office
Office
Officer
offices
Offices
official
Official
offspring
often
Ogen
Ohio
Oi
OK
Okatani
ol
Olavi
older
Older
Oldham
Olive
Olmos
Olympia
Olympus
Ombudsperson
omissions
on
On
Onc
once
Once
oncologic
Oncologist
Oncologists
oncology
Oncology
one
One
onerror
ones
ong
ong_mnth
ongoing
Ongoing
ongwebmaster
Onkologie
online
Online
only
Only
Onset
Ontario
onto
oocyte
op
Op
open
Open
opened
opening
Opening
openings
operated
operates
operating
Operating
operation
operational
operations
Operations
Operationstechniken
Operative
Ophthalmologists
ophthalmology
Ophthalmology
Oporto
oportunidade
opportunities
Opportunities
opportunity
Opportunity
Opportunties
optimal
Optimal
optimally
optimistic
optimize
option
options
Options
or
OR
oral
Oral
orando
Orange
orchestra
Ordem
order
ordered
Ordering
Orders
ordinary
ordm
org
Org
organ
Organ
organisation
organisations
Organisations
organised
Organizaiton
organization
Organization
Organizational
organizations
Organizations
ORGANIZATIONS
organized
Organized
organizes
organizing
organs
orgullo
oriented
original
originality
Orland
Orleans
oropharyngeal
Orta
Ortho
Orthodontics
Orthodontists
Orthopaedic
Orthopaedics
orthopedic
Orthopedic
orthopedics
Orthopedics
Ortiz
os
OSHA
ossification
osteoporosis
Osteoporosis
other
Other
OTHER
others
Others
otherwise
Otherwise
otilde
otolaryngology
Otolaryngology
Otorhinolaryngologists
Otorhinolaryngology
oulu
Oulu
ouml
ounces
our
Our
ouraward
ourselves
out
Out
outcome
Outcome
outcomes
Outcomes
outdoor
Outpaitent
Outpatien
outpatient
Outpatient
OUTPATIENT
outpatients
output
outreach
Outreach
outro
outside
Outside
outstanding
Ovarian
over
Over
overcome
overlooking
overnight
Overpeck
oversees
oversight
OVERVIEW
Overwhelmed
Ovral
owe
own
owner
owners
ownership
Ownership
oxide
Oxide
oximetry
Oximetry
Oxygen
oxygenation
oxyhemoglobin
OYKS
p
P
Pa
PA
pace
Pacemaker
Pacific
Packard
Paco
pad
Padget
Paediatric
Pagano
page
Page
PageOne
pages
Pages
paging
PAI
pain
Pain
PAIN
painting
pais
PAL
palabras
palsy
Pamela
pamphlets
Pamphlets
Panam
Panama
pancreas
pane
Panhellenian
Paola
Paolo
Pap
paper
PAPERS
papillomavirus
Papillomavirus
para
Para
paramedics
parameter
parameters
parent
Parent
Parenteral
parenthood
parenting
Parenting
parents
Parents
PARENTS
Paris
park
Park
Parke
Parker
Parkin
parking
Parking
PARKING
Parkinson
Parkway
parmin
part
Part
Parthenon
partial
partially
participante
participarei
participate
participates
participation
Participation
particirpated
particles
Particles
particular
particularly
partida
parties
Parties
partilharam
partner
Partneringopportunities
partners
partnership
Partnership
partnerships
Partnerships
parto
parts
partum
Partum
party
pass
passagem
passion
passionate
Passos
passwords
past
Past
pastoral
Pastoral
pastors
Pat
Patel
path
PATH
pathologic
pathologists
Pathologists
pathology
Pathology
PATHOLOGY
pathway
Pathways
patient
Patient
patients
Patients
Patologia
Patricia
Patrick
Patrizia
patterns
Paul
Pavilion
PAVILION
Pawlowsky
pay
Payable
payment
payments
Payroll
paz
pccp
PCs
pcyshosocial
PE
PE17
peace
Peaceman
Peacher
Pearce
Pearl
Pearse
pediatric
Pediatric
Pediatrician
Pediatricians
pediatrics
Pediatrics
PEDIATRICS
Pedodontics
Pedodontists
PEDS
peers
Peggy
pela
pelas
Peleg
Pell
pellucida
pelvic
Pelvic
PELVIC
Penn
Penney
Pennsburg
Pennsylvania
Pentium
Pentti
people
People
per
Per
percent
perceptions
Perch
Percutaneous
perda
perdido
perfect
perfectly
perform
Perform
performance
performed
performers
performing
performs
perhaps
Peri
Perilstein
perimenopausal
Perimenopause
perinatal
Perinatal
perinatology
Perinatology
perineal
Perineal
period
Periodicals
periods
Perioperative
peripheral
Peripheral
Peritoneal
permanent
permanently
permission
pero
Perrotti
persistence
Persistence
persistent
person
persona
personal
Personal
personality
personalized
Personalized
personally
personalmente
personnel
Personnel
persons
Perspective
Perspectives
pertains
pesares
pessoa
Pessoas
Peter
Peterman
Petersburg
Peterson
Petrikovsky
pezares
Pfizer
pH
Ph
Pham
Pharma
Pharmaceutical
Pharmaceuticals
Pharmacia
Pharmacist
PharmaClub
Pharmacology
pharmacy
Pharmacy
phase
PhD
Phila
Philadelphia
Philidelphia
Philip
Phillips
philosophy
Philosophy
phlist
Phoenixivlle
Phoenixville
phone
Phone
photo
photograph
photographs
Photographs
photos
physical
Physical
Physicals
physician
Physician
physicians
Physicians
Physics
Physiology
Piccoli
picked
picture
PICU
Pieber
piece
pieces
Piedmonte
Pierfrancesco
Pigs
Pike
pilot
Pilot
pilots
pioneer
Pioneer
pioneered
Pirro
pital
pitfalls
Pitfalls
place
Place
PLACE
placed
placement
placenta
Placenta
placental
Placental
places
Plainfield
plan
Plan
planed
planning
Planning
plans
Plans
plant
Plant
PlantComponents
plasma
Plasma
Plastic
plate
platinum
play
players
plays
please
Please
pleased
pleasure
plenty
plexus
Plexus
Plouffe
Plumbers
plus
Plus
plush
Plymouth
pm
PM
PMA
PMMC
PO
Pobre
pocket
pockets
podemos
podiatrist
Podiatrists
podiatry
Podiatry
poet
pogmin
poised
poison
Poison
poisoning
police
Police
Polly
Polytechnic
Pongia
Pooh
pool
poor
Popolow
Popp
popular
Popularly
population
Population
por
Por
porque
Porter
portion
Porto
PORTO
Portugal
PORTUGAL
Portugu
Portuguesa
portuguese
Portuguese
posed
poses
position
Position
POSITION
positioned
positions
Positions
POSITIONS
positive
Positive
Positron
Posner
possa
possessed
possibility
possible
Possible
possibly
post
Post
postdoctoral
posted
Postgraduate
postmenopausal
Postmenopausal
postoperative
postpartum
Postpartum
postponed
Poststerilization
potential
potentially
potentiate
Pothouse
Pottstown
pouco
poucos
Poulenc
pounds
Pouta
power
powers
Powers
PP
Pr
practice
Practice
PRACTICE
practices
Practices
PRACTICES
practicing
practitioners
Practitioners
Prague
prayers
pre
Pre
precise
Precision
preconception
predict
Predict
predicting
Predicting
Prediction
predictive
Predictive
predictor
Predictor
predictors
Predictors
predicts
predoctoral
preeclampsia
Preeclampsia
preeclamptic
prefer
prefered
Preferences
pregancy
pregestational
pregnancies
Pregnancies
pregnancy
Pregnancy
pregnant
Pregnant
pregunto
prelabor
Prelabor
Premarin
premature
prematurely
prematurity
prematuro
premenstrual
Premenstrual
premier
Premier
prenatal
Prenatal
preoperative
Prep
preparar
preparation
preparations
prepare
prepared
prepares
Preregistration
Prescreening
prescribe
prescribed
prescriptions
Prescriptions
presence
present
Present
presentation
Presentation
presented
presents
preserve
President
Press
pressure
Prestige
prestigious
presurgical
preterm
Preterm
prevalence
prevalent
prevent
Preventi
preventing
Preventing
prevention
Prevention
preventive
Preventive
previa
Previa
previous
previously
price
priceless
prices
prilocaine
Prilocaine
primary
Primary
prime
principal
principalmente
print
printed
Printing
prior
Prior
priority
PRIVACY
private
Private
prize
prizes
probability
probably
problem
Problem
problems
procedure
Procedure
procedures
Procedures
proceed
Proceed
Proceeding
process
Process
processes
processing
Processing
proclaim
procurement
Procurement
prodigio
produce
produced
product
production
Production
Productions
productive
products
Products
Prof
profesion
profession
professional
Professional
professionally
professionals
Professionals
Professor
Profile
profiles
profit
profitable
profound
prognoses
program
Program
programmed
Programmer
programmes
Programming
programs
Programs
progress
Progress
progresses
progressive
project
projects
projetar
proliferating
prolong
Prometrium
prominently
promising
promote
Promote
promotes
promoting
promotion
Promotion
propelled
proper
properly
Propert
property
Prophylaxis
propia
proportions
proposal
prospective
Prospective
prostate
Prostate
prosthesis
Prosthesis
protect
protected
protective
protein
proteins
PROTESTANT
protocol
protocols
Protocols
proud
proven
Provera
provide
Provide
provided
PROVIDED
Providence
provider
Provider
providers
Providers
provides
providing
Providing
proving
provision
Proxeed
proxy
proyecto
Prozac
Prussia
Przepiorka
pslgroup
pslresearch
pstc_logo
psychiatric
Psychiatric
psychiatrist
psychiatrists
Psychiatrists
psychiatry
Psychiatry
PSYCHIATRY
psychoanalytic
psychological
Psychological
psychologists
psychology
Psychology
Psychometric
psychoses
psychosocial
psychosomatic
Psychosomatic
pt
PT
Pty
public
Public
publication
Publications
PUBLICATIONS
publicity
published
Published
Publisher
publishes
publishing
Publishing
Pucheu
Puckett
puedan
Puerperal
pull
pulmonary
Pulmonary
pulmonologist
pulsations
pulse
Pulse
Pump
Punch
purchased
Purchasing
purpose
Purpose
purposes
pursuant
pursue
pursuit
put
putting
Pyke
Q
qc
qu
Qu
Quadruplets
Quakertown
qualified
qualitative
qualities
quality
Quality
QUALITY
qualquer
quarter
quarterly
quarters
que
Que
Quebec
quem
Quem
Querido
quero
query
Query
question
Question
questionnaire
questions
Questions
QUESTIONS
quick
Quick
quickly
quien
quiero
quietest
Quisiera
quit
quot
R
Rachel
Racial
radiation
Radiation
radio
radiologic
Radiologic
radiologist
Radiologists
radiology
Radiology
RADIOLOGY
Radiosurgeries
radiosurgery
Radiosurgery
Radiotherapy
radius
Rae
railings
raise
raising
Rakesh
Raloxifene
Ralph
Ramblings
Ramos
Randolph
random
Randomized
randomly
range
Range
ranging
rank
ranked
Ranked
ranking
ranks
Ranzini
rapid
rapidly
Rapids
Raquel
rare
rate
rates
Rates
rather
Rather
ratios
Ratliff
Rauch
ray
Ray
Raymond
rays
Rays
razao
razo
rct
Rd
RD
RDMS
Rds
re
reach
Reach
reached
react
Reaction
reactions
reactive
read
Read
readability
Readability
Readers
readily
readiness
Readiness
reading
Reading
readmissions
ready
Ready
real
Real
realign
reality
realize
really
reason
reasonable
reasons
Rebecca
recalled
receipient
receipt
receive
received
Received
Receiver
receives
Receives
receiving
recent
Recent
recently
reception
Reception
Receptionist
receptive
Receptor
recipient
Recipient
Recipients
recognition
Recognition
recognized
recognizes
recombinant
recommendations
recommended
reconstructive
Reconstructive
record
Recording
records
Records
recover
recovered
recovering
recovery
Recovery
recreation
Recreation
recreational
Recruit
recruited
Recruiter
Recruiting
Recruitment
Rectal
rectify
recuerda
RECURRENCE
recurrent
Recurrent
redesign
redesigned
redevelopment
reduce
Reduce
reduced
reducing
reduction
Reduction
Reed
Ref
refer
reference
Reference
referral
Referral
referrals
referred
referring
refers
reflective
reflects
reflex
Reflex
reflita
refreshments
Refreshments
Refugees
reg
Reg
regaining
regard
regarded
regarding
Regarding
regardless
Regardless
regards
Regards
regimens
Regimens
Regina
region
Region
regional
Regional
regions
register
registered
Registered
registrado
Registrar
Registration
registry
regression
Regression
Regret
regretting
regular
Regular
regularity
regularly
regulations
Reh
Reha
rehab
Rehab
Rehabi
rehabilitation
Rehabilitation
rehabilitative
Rehabilitative
REI
Reid
Reif
Reifler
reimbursements
rein
reiner
Reiner
Reis
rejoice
Relat
relate
related
Related
RELATED
relates
relating
Relation
Relations
relationship
Relationship
relationships
Relationships
relative
relax
Release
releases
Releases
relevance
relevant
Relevant
reliability
religious
RELIGIOUS
relocated
Relocation
reluctant
remain
remainder
remaining
remains
remarkable
remediation
remedies
remember
remembered
remote
RemovalCytoplasmic
remove
removed
renal
Renal
Renata
rendered
renowned
Rensselaer
rental
Renzi
reorganizes
repair
repaired
Repeat
repeated
repente
repercussions
repetition
Repetition
repitan
replace
replaced
replacement
Replacement
replacing
reply
report
Report
REPORT
reported
Reported
reporting
reports
Reports
represent
representation
representations
representative
Representative
representatives
Representatives
represented
representing
represents
Reprocessing
Reprodu
reproduce
reproduced
reproduction
Reproduction
reproductive
Reproductive
REPRODUCTIVE
Reproductvive
Republic
republication
repudio
repulsion
reputation
request
Request
requested
RequestError
requests
Requests
require
required
Required
requirements
requires
requiring
Reschedule
research
Research
RESEARCH
researcher
Researcher
researchers
Researchers
resection
resell
reserved
Reserved
reserves
residencies
Residencies
residency
Residency
resident
Resident
Residente
Residential
residents
Residents
resides
resizeable
resolution
resolve
resolveu
resolving
Resonance
resource
Resource
resources
Resources
ResourcesGeneral
respect
Respect
respective
respectively
respeito
respiratory
Respiratory
respite
respond
responded
responders
responding
responds
response
Response
responsibility
responsible
responsibly
rest
restaurant
Restoration
restorative
restore
restoring
restricted
Restricted
Restriction
result
Result
results
Results
resume
Resume
retail
retardation
retired
retirement
Retornei
retrieval
retrograde
Retrograde
return
Return
returned
returning
returns
revenue
review
Review
reviewed
Reviews
Revision
revisions
revolt
revolution
Revolutionary
reward
rgio
Rh
RH
Rheumatologist
rheumatology
Rheumatology
Rhoads
Rhode
Rhone
RIC
Rica
ricardo
Ricardo
RICARDO
Richard
richardc
Richardson
Richmond
Rick
Ridge
riding
Rieder
right
rights
Rights
rigorous
Rijin
Rinaldi
ringing
rio
Rio
ripening
Risch
risk
Risk
risks
Risks
risky
Risto
Rita
Ritsuko
Ritterman
River
Riverside
RJR
rmch
RMCH
RMH
RModugno
RN
RNs
Ro
Road
Roads
Robert
roberta
Roberta
ROBERTA
Roberto
Roberts
Robin
Robinson
robotic
Roche
Rochester
Rock
rocking
Rodis
Rodolphe
Rogers
role
Role
Romero
Romesh
Romolo
Ronald
Ronnermann
room
Room
rooms
Rooms
Rorer
Rosa
Rosalie
Rose
Rosemary
Rosenberg
Roswell
Rotarian
rotation
Roter
Rothstein
Rotmensch
round
rounds
Roundtable
Roussel
route
Route
routes
Routes
routine
Routine
Rowe
Rowell
Rowley
Rows
Roxanne
Royal
Royalton
Royersford
RPT
RR1
RR2
RR3
Rt
Rua
Ruiz
Rules
Rummans
Running
runs
rupture
Rupture
rural
Rural
Russian
Ruth
RVT
Ryan
Ryding
s
S
Sa
sabe
sabemos
saber
sabiam
Sabol
Saccar
sacerdoco
Sachiko
Sachs
Sackler
sacrificado
sacrifice
sacrificing
sacrifico
sad
saddened
saddest
safe
Safe
safely
safety
Safety
said
sala
salad
Salazar
sale
Salem
SALEM
Sales
Sally
salutar
salvage
Salvaged
Salvatore
Samaha
Samarskaya
same
SAME
Sameroff
Samir
Sample
samples
Sampling
Samuelson
Sanderson
Sands
sang
Sans
Santa
Santo
Sao
Saranac
Sarmento
SAS
sat
Sat
satellite
Satin
satisfaction
Satisfaction
satisfied
saturation
Saturday
Saturdays
Saunders
save
saved
saves
saving
Savitz
Saw
say
Saylor
says
Says
Sbat
sc
scaffold
scan
Scandinavica
Scanning
scans
scarce
Scardo
scenes
scenic
Schaaf
Schaffer
Schanberg
Schank
schedule
Schedule
SCHEDULE
scheduled
Scheduled
scheduling
Scheduling
Schering
Schizophrenia
schizophrenic
Schleifer
Schmidt
Schmucker
school
School
Schoolcraft
schools
Schools
Schulkin
Schuylkill
Sciarrone
science
Science
sciences
Sciences
scientific
Scientific
sclerosis
Scoliosis
scope
score
Score
scores
Scoring
Scot
Scotia
Scotland
Scott
screen
screened
screening
Screening
screenings
Screenings
screens
screenX
screenY
scrollbars
Scrolling
SCU
se
search
Search
SEARCH
Searchable
Searle
second
Second
secondary
Secretaries
section
Section
sections
Sections
SECTIONS
sector
Sector
secure
Secure
security
Security
Sedgwick
see
See
SEE
seed
seek
seeking
seem
seems
sees
segments
SEGO
seguir
Seifer
seizure
seizures
seja
select
Select
selected
Selected
selection
Selection
Selective
self
Self
selfishness
Sellersville
selvagens
sem
semana
semear
semen
Semen
semester
semi
seminar
Seminar
seminars
send
Send
senior
Senior
seniors
Seniors
sense
senseless
sensibilidade
sensitive
sensitivity
Sensitivity
sensors
sent
sentidas
sentido
sentimento
sentimentos
sentimiento
Sentinel
Separate
separation
Separation
Sept
September
ser
Ser
serene
Sergio
sergiopr
series
serious
seriously
serum
Serum
Serv
servants
serve
served
server
servers
serves
service
Service
services
Services
SERVICES
serving
servir
set
setCookie
Seth
sets
setTime
setTimeout
setting
settings
seven
Seventh
several
Several
severe
Severe
severely
sex
sexual
sexuality
Shackelford
Shah
Shaheen
shall
shame
Shanahan
shape
share
shared
sharing
Sharing
Sharon
Sharp
sharps
Shau
Shaughnessy
Shay
she
She
Shechter
shed
Sheeder
Sheldon
Sheraton
Shift
shifts
Shifts
Shima
Shin
shining
Shinohara
Shipp
shirts
shl
Shock
shocked
shocking
Shoham
shooting
shop
Shop
shopping
Shopping
Shore
short
SHORT
shorter
shortest
shot
should
Should
shoulder
shouldn
Shoup
shout
show
showcases
shower
showers
shown
shows
Shumaker
Shuwarger
shy
si
siblings
sica
sick
Sick
side
sido
Siegel
Siemens
Siento
sierra
Sigler
Sigma
sign
SIGN
significance
significant
Significant
significantly
signs
Signs
Sihvo
silence
silenciadas
silencioso
silicon
Silva
Silverman
similar
similarly
simple
Simple
simply
simulated
Simulation
Simulator
Sinai
since
Since
sinceras
sincere
Sincerely
sincerest
sinceros
sinfo
Sing
single
Single
sinuses
sister
sisters
sit
site
Site
SITE
SiteMap
sites
Sites
sitting
situation
situations
six
sixth
size
Size
sized
skeleton
Sketch
sketches
skiers
skill
skilled
Skilled
skills
Skills
skin
Skirball
slaying
sleep
sleeping
Sleepy
Slikke
Sloane
slolidarity
slowly
small
Small
smallest
Smear
smile
smiling
Smith
Smithkline
smoking
Smoking
SMS
Smulian
SN
Snively
so
So
Soc
social
Social
socialized
Sociedade
society
Society
Socol
software
Software
SoftwareAs
SoftwareIt
Sokol
sole
solely
solid
solidariedade
solidarity
Solvay
solving
Somalia
some
Some
somebody
someone
something
sometimes
Sometimes
somos
son
songs
Sonia
Sonnenstuhl
Sonntag
Sonographer
Sonographers
sonographic
Sonographic
Sonography
sons
Sonya
soon
sooner
sophisticated
sorely
sorrow
sorry
Sorry
Sotomayor
sou
soube
sought
soul
sound
Sound
sounds
Soup
source
Source
sources
south
South
SOUTH
Southeast
Southeastern
southern
Southern
Souza
soy
Soy
SP
space
Space
spacious
Spain
Spanish
speak
Speaker
speaking
special
Special
SPECIAL
specialist
Specialist
specialists
Specialists
specialize
specialized
Specialized
specializes
specializing
specially
Specials
specialties
Specialties
specialty
Specialty
specific
Specific
specifically
specified
specify
Spector
Spectral
spectrum
speech
Speech
speechless
Speechreading
Spellacy
Spencer
spend
spent
sperm
Sperm
Spermicide
Spermicides
SpermThe
speyer
Speyer
SPEYER
Spiegel
spinal
spine
Spine
Spinillo
spirit
spiritual
spoken
sponsor
Sponsor
sponsored
Sponsored
sponsoring
sponsors
Sponsors
sponsorship
Sponsorship
spontaneous
sports
Sports
sportsmen
spots
Sprain
Spratt
sprattc
spread
Spring
Springfield
Spruce
square
Squibb
Sr
src
SRC
SSA
SSOM
St
stabilization
stable
staff
Staff
staffed
Staffed
stage
Stage
staged
stand
standard
Standardization
standards
standing
stands
Stanley
Stanton
STAR
start
Start
started
starting
Stat
STAT
state
State
statement
Statement
statements
Statements
States
Stations
statistics
Statistics
stats
status
STATUS
Stavis
stay
stayed
stays
Ste
Steahly
Steber
Steele
Steering
Steffe
Stein
Steinfeld
Steinman
stem
Stem
stent
stents
Stents
step
Step
Stepanksy
Stephanie
Stephen
Stephens
steps
stereotactic
Stereotactic
sterilization
Sterilization
steriotactic
Stethoscope
Steven
Sticht
stigma
still
stillbirth
stimulating
Stiskal
Stockholm
Stokes
stomach
stone
stop
Stop
stopError
stopped
storage
StorageSperm
stored
Stores
story
Storz
stos
Stovall
straight
strain
Strang
Strategic
strategically
strategies
Strategies
STRATEGIES
Street
STREET
Streets
strength
strengthen
strengthening
strengths
stress
Stress
strides
String
stringent
strips
Stritch
strived
strives
stroke
Stroke
strokes
strong
Strong
strongly
structure
struggled
Stryker
student
Student
students
Students
studied
studies
Studies
study
Study
STUDY
studying
stuff
Stuff
su
sua
sub
Sub
subacute
subject
Subject
subjectively
Submissions
submit
Submit
submitted
Submitting
subpopulations
Subscribe
Subscription
subsequent
Subsequent
subspecialties
subspecialty
Subspecialty
substance
substances
substantial
substantially
substantive
substitute
substring
suburb
suburbs
successful
Successful
successfully
suceso
sucesos
such
Such
suctioning
Sudan
suffered
sufferers
suffering
sufficient
sufrimiento
sugar
Sugawara
suggest
suggested
suggestions
Suh
suitability
suitable
Suite
suites
sulfate
Sulfate
Sullivan
summary
Summary
summer
Summer
summoned
Sun
sun3
Sunday
Sundays
Suneet
sunpar
Sunset
SUNY
supercedes
Superdock
superior
Supernumerary
supervise
supervised
supervision
Supervisor
supplied
suppliers
supplies
Supplies
SuppliesMajor
supply
Supply
support
Support
SUPPORT
supported
supporter
supporting
supportive
supports
suppose
sure
surely
surgeons
Surgeons
Surger
Surgeries
surgery
Surgery
SURGERY
surgical
Surgical
surgically
Surgically
surprised
Surrey
surrounding
surroundings
Surry
surveillance
Surveillance
survey
Survey
surveys
survival
survive
survived
sus
Susan
Susana
susceptible
suspect
Swallowing
Swamp
Swaran
Sweat
Sweden
Swedish
Swestyn
swim99
Swindle
swing
Swing
switch
Switchboard
Switzerland
sympathies
sympathy
symphony
symposia
Symposium
symptomatic
symptoms
Symptoms
syndrome
Syndrome
syndromes
Syndromes
synthase
Sys
system
System
systemic
systems
Systems
t
T
Table
tablets
Taconic
Taddonio
tags
Tahoe
Tai
tailored
Takashi
take
Take
taken
takes
taking
Talamo
talents
talk
Talk
Tamimi
tamoxifen
Tamoxifen
Tamussino
tan
Tanaka
tanta
tanto
tao
Tap
tapes
Tapes
Tappan
targeted
Targeted
Tase
task
Tau
taught
Taunton
tax
Taylor
TCC
TCU
TDD
teach
teaches
teaching
Teaching
team
Team
teams
tears
Teberian
Tech
technical
Technical
Technician
Technicians
technique
techniques
Techniques
technological
technologies
Technologies
Technologist
technologists
Technologists
technology
Technology
TECHNOLOGY
tee
Teehan
teenage
Teenage
teeth
Tekay
Tel
telecommunications
Telecommunications
TelecommunicationsAMC
telemedicine
Telemedicine
Telemetry
telephone
Telephone
television
tell
Tell
telling
tells
tema
temible
Temp
Template
Temple
tempo
temporarily
Temporarily
temporary
ten
tend
tenha
tenho
Tenho
Tenon
Tenti
Teodoro
ter
Terao
Teresa
term
Term
terminal
terminate
Termination
terms
Terms
terra
Terrace
terrible
Terribly
terrific
terror
terrorists
Terry
tertiary
Tesla
test
Test
tested
testicular
testing
Testing
TestingThe
tests
teve
Texas
text
Text
THA
Thad
than
thank
Thank
that
That
THC
the
The
THE
Theakston
theART
their
Their
them
theme
themselves
then
Then
Theodore
Theology
therapeutic
Therapeutics
therapies
Therapist
therapists
Therapists
therapy
Therapy
there
There
therefore
therein
Therese
Thermachoice
Therneau
these
These
they
They
Thibault
thickness
Thickness
Thierry
thing
things
think
Think
thinners
ThinPrep
third
Third
thirty
this
This
Thomas
thoracic
Thoracic
Thorp
those
though
thought
thoughts
thousands
threaded
threatening
three
Three
threshold
thrifty
throat
Throat
through
Through
throughout
thru
Thruway
Thurs
Thursday
thus
Thus
thyroid
tico
Tier
ties
tile
till
time
Time
timely
Timely
times
timetable
timetables
timing
Tinnitis
tip
tipo
tips
Tips
tirou
tissue
Tissue
tissues
Title
Titles
Tito
titodemorais
Titular
titulo
tiveram
tivesse
Tkatchenko
tm
TM
tmc
TN
to
To
TO
to25
toc
toco
tocolysis
toda
Toda
today
Today
todos
Todros
Tofu
together
toGMTString
told
toll
Tom
Tomas
Tomio
Tomography
tomorrow
Toni
Tonya
too
took
tool
Tool
toolbar
tools
TOOLS
top
Top
topic
Topic
Topical
topics
Toribio
Tornbom
Toshihiko
Toshihiro
toString
total
Total
totals
touch
Touch
touched
Touey
tough
tour
Tour
tours
Tours
toward
towards
tower
Tower
towers
Towers
town
towns
Township
tr
trace
Tracey
tract
Tract
Tracy
trade
trademarks
tradition
Tradition
traditional
traditionally
traffic2
tragdely
tragedy
tragic
tragically
tragicamente
tragicas
train
Train
trained
Trained
traineeships
trainers
Trainers
training
Training
trains
trajeto
transcripts
transfer
Transfer
transferred
transfers
transfusion
Transition
transitional
Transitional
Translated
transmission
Transmission
transmit
transmita
transmitir
transmitted
transmitting
transplant
Transplant
transplantation
Transplantation
Transplantation218
transplants
Transplants
transport
Transport
transportation
Transportation
transported
Transporter
transporting
transports
Transports
transvaginal
Transvaginal
Trappe
trataba
trauma
Trauma
travel
Travel
traveled
Treasurer
treat
Treat
treatable
treated
Treated
treating
treatment
Treatment
treatments
Treatments
treats
tremendous
trgico
tri
Triage
Trial
Trials
tribute
Tribute
trica
Tried
triglyceride
trimester
Trimester
trip
triplets
Triplets
trips
trique
trisomy
Trisomy
tristate
triste
Tropical
trouble
Trouble
truck
true
True
truly
Trumble
trust
trusts
try
Tryfon
trying
Tsung
TTY
tube
Tues
Tuesday
Tullia
Tumelty
tumor
Tumor
tumors
Tums
Tunnel
Turchin
turn
Turn
turned
Turner
Turnpike
Turpeinen
Turton
Tutorial
TV
twenty
Twickler
twins
Twins
two
Two
Tyler
Tylor
Tympanometry
type
Type
types
Tzer
U
uacute
uark
ucr
UCVH
uem
ufg
UFG
uk
UK
Ulcers
Ullery
ultimate
ultimately
ultrasonic
Ultrasonic
ultrasonography
Ultrasonography
ultrasound
Ultrasound
ULTRASOUND
um
uma
umbilical
Umbilical
un
Un
una
unbelievable
uncertainties
under
undergoes
Undergoing
underlying
understand
understanding
Understanding
understands
understood
undertake
undeserved
undetected
Unembalmed
unescape
Unexplained
unfair
unfolding
unforgettable
unfortunately
Uni
unidentified
unified
unimos
Union
Unipath
unique
Unique
uniquely
Uniquely
unir
unit
Unit
unitary
United
unites
units
Units
unity
Unity
Univ
universally
Universidad
Universidade
universities
university
University
unknown
unless
unlike
Unlimited
unrelated
until
untimely
untold
unused
up
UP
Upcoming
update
Update
UPDATE
updated
Updated
upgraded
upgrading
Upjohn
upon
upper
Upper
UPPER
upsetting
upstate
Upstate
urea
Urea
urethral
Urethral
urge
urgent
Urgent
urinary
urine
URL
Uro
urodynamics
Urodynamics
Urogynecology
urologist
Urologists
Urology
Ursula
us
Us
US
USA
usando
use
Use
used
useful
usefulness
UseImageHeight
UseImageWidth
user
uses
using
Using
usually
usualmente
uswe
Uterina
uterine
Uterine
utero
Utero
uteroplacental
Uteroplacental
uterus
utility
utilize
utilizes
utilizing
V
VA
vacationers
vaccination
Vaccination
VADs
vaginal
Vaginal
vaginosis
Vaginosis
vain
Vaisman
Val
Valarie
valet
Valhalla
valley
Valley
VALLEY
valuable
value
Value
Values
van
Van
Vancaillie
var
Variable
Varies
variety
various
vary
varying
Varying
vascular
Vascular
VASCULAR
vasectomy
vasodilator
Vasodilators
vast
Vaya
vdslikke
ve
veins
velocimetry
velocity
Ven
vendors
Venous
ventilator
verdaderamente
verify
Vermont
VERMONT
Vernon
version
Version
versus
Versus
vertical
very
Very
vessel
vessels
Vestal
Vestibular
veteran
VI
via
Viana
Viativ
Vice
viciously
Vickerman
victim
victims
Victor
Victoriaville
Victorio
vida
video
videos
vido
view
View
viewed
viewing
Viewing
viewpoints
views
Views
VIII
Viinikka
vilencia
Villaccio
village
Villard
Villous
Vilma
Vincent
Vintzileos
vio
violence
Violence
violencia
Virginia
virtual
Virtual
virtualgine
virtually
virtude
virulence
virus
vision
Vision
VISION
Visionaries
visit
Visit
visited
visiting
Visiting
VISITING
visitor
Visitor
visitors
Visitors
visits
Visits
vital
Vital
vitality
vitro
Vivek
vivem
viver
VNA
VNH
vocational
voice
Voice
Vol
volume
Volume
VOLUME
voluntary
volunteer
Volunteer
volunteers
Volunteers
von
Vosskuehler
vote
Votes
VotesPercentage
vou
Vries
vspace
Vt
VT
vulvar
w
W
WA
Wade
Wage
Waggoner
wait
waiting
Wakatsuki
wake
Wake
Wales
walk
Walk
wall
walls
Walnut
Walshe
Walter
Wamsteker
wand
want
wanted
warm
warmest
Warmest
Warning
warrant
warrants
warranty
Warren
warring
was
Wasfy
wash
washed
washing
WashingUsing
Wasserbach
watch
watched
watchful
Water
waveform
waveforms
Waveforms
waves
Wax
way
Way
Wayne
Wayner
ways
Ways
WB
wcmc
WCS
we
We
weak
wealth
web
Web
WEB
webcam
Weber
webhost
webmaster
Webmaster
webpage
WebPage
webs
website
Websites
Wednesday
week
Week
weekdays
weekend
weekends
weekly
WEEKLY
weeks
Weeks
WEEKS
Wei
Weideg
weighing
weight
Weight
weights
Weijer
Weiner
Weinstein
Weiss
welcome
Welcome
well
Well
wellbeing
Wellcome
Weller
wellness
Wellness
Wen
Wenger
went
were
west
West
WEST
Westchester
western
Western
WFU
WFUBMC
what
What
whatever
Whatever
whatsoever
Wheaton
wheelchairs
when
When
where
whether
Whether
which
while
While
Whipple
white
White
Whitefield
Whittaker
who
Who
WHO
whoever
whole
whom
whose
why
Wi
wide
Wide
widely
width
WIDTH
wife
WIHD
Wijma
Wilkes
Wilkins
will
Will
Willan
Willebrand
William
Williford
willing
willingness
Willingness
Willowbrook
wills
Willy
Wilmington
Wilton
win
window
Windsor
wine
wing
Wingate
Winklestein
winner
winners
winning
winningDoctor
Winsor
Winston
WINSTON
Winter
Wisconsin
wisdom
wish
wishes
wishing
with
With
within
Within
without
Without
witness
WMH
wolkomir
Wolkomir
woman
Woman
women
Women
womenHeart
wonderful
wondering
Wood
woodlands
Woodman
Woodridge
Woods
Woodstock
word
WORD
words
work
Work
worked
worker
Worker
workers
Workers
working
Working
Workplace
works
workshop
Workshop
workshops
world
World
WORLD
worldnet
worldwide
Worldwide
WORSHIPChapel
worst
would
wouldn
wound
Wound
wounds
Wren
write
Write
writing
written
WRJ
wrote
Wu
www
WWW
Wyeth
Wynnewood
Wyomissing
x
X
Xenia
XL
y
Y
Y2K
Yablon
Yadkin
Yale
Yali
Yao
Yasushi
Yawn
year
Year
YEAR
yearly
years
yellow
Yes
Yes307
yet
Yi
Yili
Ylikorkala
Yoder
Yoisy
Yong
York
Yoslov
Yost
you
You
young
Young
younger
Younger
your
Your
Yours
yourself
yPMMC
yr
Yu
Yuhas
Yuji
Z
Zabrek
Zach
Zachariah
Zalmen
Zanaboni
Zane
Zappatore
Zar
Zaragoza
zbnewton
Zealand
zebra
zec
Zee
Zeev
Zeferino
Zel
zela
Zelley
Zeneca
Zhang
Zimmer
Zines
Zip
Zipcode
Ziv
Zivkovic
Zlatnik
Zloczower
Zobian
zona
zone
Zone
Zorita
